// Jest Snapshot v1, https://goo.gl/fbAQLP

exports[`should render DashBoardPage 1`] = `
<div>
  DashBoard page content
</div>
`;
